// Jest Snapshot v1, https://goo.gl/fbAQLP

exports[`HomeScreen HomeScreen renders correctly 1`] = `
ShallowWrapper {
  Symbol(enzyme.__root__): [Circular],
  Symbol(enzyme.__unrendered__): <HomeScreen
    navigation={
      Object {
        "navigate": [MockFunction],
      }
    }
  />,
  Symbol(enzyme.__renderer__): Object {
    "batchedUpdates": [Function],
    "getNode": [Function],
    "render": [Function],
    "simulateError": [Function],
    "simulateEvent": [Function],
    "unmount": [Function],
  },
  Symbol(enzyme.__node__): Object {
    "instance": null,
    "key": undefined,
    "nodeType": "class",
    "props": Object {
      "children": Array [
        <Text
          style={
            Object {
              "fontSize": 20,
              "margin": 10,
              "textAlign": "center",
            }
          }
        >
          Theo's Reservation App
        </Text>,
        <Button
          onPress={[Function]}
        >
          Create
        </Button>,
        <Button
          onPress={[Function]}
        >
          View All
        </Button>,
        <Button
          onPress={[Function]}
        >
          Get by Id
        </Button>,
      ],
      "style": Object {
        "alignItems": "center",
        "backgroundColor": "#F5FCFF",
        "flex": 1,
        "justifyContent": "center",
      },
    },
    "ref": null,
    "rendered": Array [
      Object {
        "instance": null,
        "key": undefined,
        "nodeType": "class",
        "props": Object {
          "children": "Theo's Reservation App",
          "style": Object {
            "fontSize": 20,
            "margin": 10,
            "textAlign": "center",
          },
        },
        "ref": null,
        "rendered": "Theo's Reservation App",
        "type": [Function],
      },
      Object {
        "instance": null,
        "key": undefined,
        "nodeType": "function",
        "props": Object {
          "children": "Create",
          "onPress": [Function],
        },
        "ref": null,
        "rendered": "Create",
        "type": [Function],
      },
      Object {
        "instance": null,
        "key": undefined,
        "nodeType": "function",
        "props": Object {
          "children": "View All",
          "onPress": [Function],
        },
        "ref": null,
        "rendered": "View All",
        "type": [Function],
      },
      Object {
        "instance": null,
        "key": undefined,
        "nodeType": "function",
        "props": Object {
          "children": "Get by Id",
          "onPress": [Function],
        },
        "ref": null,
        "rendered": "Get by Id",
        "type": [Function],
      },
    ],
    "type": [Function],
  },
  Symbol(enzyme.__nodes__): Array [
    Object {
      "instance": null,
      "key": undefined,
      "nodeType": "class",
      "props": Object {
        "children": Array [
          <Text
            style={
              Object {
                "fontSize": 20,
                "margin": 10,
                "textAlign": "center",
              }
            }
          >
            Theo's Reservation App
          </Text>,
          <Button
            onPress={[Function]}
          >
            Create
          </Button>,
          <Button
            onPress={[Function]}
          >
            View All
          </Button>,
          <Button
            onPress={[Function]}
          >
            Get by Id
          </Button>,
        ],
        "style": Object {
          "alignItems": "center",
          "backgroundColor": "#F5FCFF",
          "flex": 1,
          "justifyContent": "center",
        },
      },
      "ref": null,
      "rendered": Array [
        Object {
          "instance": null,
          "key": undefined,
          "nodeType": "class",
          "props": Object {
            "children": "Theo's Reservation App",
            "style": Object {
              "fontSize": 20,
              "margin": 10,
              "textAlign": "center",
            },
          },
          "ref": null,
          "rendered": "Theo's Reservation App",
          "type": [Function],
        },
        Object {
          "instance": null,
          "key": undefined,
          "nodeType": "function",
          "props": Object {
            "children": "Create",
            "onPress": [Function],
          },
          "ref": null,
          "rendered": "Create",
          "type": [Function],
        },
        Object {
          "instance": null,
          "key": undefined,
          "nodeType": "function",
          "props": Object {
            "children": "View All",
            "onPress": [Function],
          },
          "ref": null,
          "rendered": "View All",
          "type": [Function],
        },
        Object {
          "instance": null,
          "key": undefined,
          "nodeType": "function",
          "props": Object {
            "children": "Get by Id",
            "onPress": [Function],
          },
          "ref": null,
          "rendered": "Get by Id",
          "type": [Function],
        },
      ],
      "type": [Function],
    },
  ],
  Symbol(enzyme.__options__): Object {
    "adapter": ReactSixteenAdapter {
      "options": Object {
        "enableComponentDidUpdateOnSetState": true,
        "lifecycles": Object {
          "componentDidUpdate": Object {
            "onSetState": true,
          },
          "getDerivedStateFromProps": true,
          "getSnapshotBeforeUpdate": true,
          "setState": Object {
            "skipsComponentDidUpdateOnNullish": true,
          },
        },
      },
    },
  },
}
`;
